2026-10-06 09:04:30 ERROR Unable to process request
2026-10-06 09:12:00 ERROR Database connection failed
2026-10-06 09:20:00 ERROR File not found
2026-10-06 09:21:30 ERROR Database connection failed
2026-10-06 09:23:00 ERROR Authentication failed
2026-10-06 09:42:30 ERROR Database connection failed
2026-10-06 09:45:30 ERROR Authentication failed
2026-10-06 09:48:00 ERROR Authentication failed
2026-10-06 09:48:30 ERROR Unable to process request
2026-10-06 09:49:00 ERROR Database connection failed
2026-10-06 09:49:30 ERROR Request timeout
2026-10-06 09:50:00 ERROR Unable to process request
2026-10-06 09:51:30 ERROR Database connection failed
2026-10-06 09:57:00 ERROR File not found
2026-10-06 09:58:30 ERROR Request timeout
2026-10-06 10:04:00 ERROR Database connection failed
2026-10-06 10:06:30 ERROR Authentication failed
2026-10-06 10:10:30 ERROR Unable to process request
2026-10-06 10:11:00 ERROR Database connection failed
2026-10-06 10:16:30 ERROR File not found
2026-10-06 10:18:30 ERROR Unable to process request
2026-10-06 10:24:00 ERROR File not found
2026-10-06 10:25:00 ERROR Database connection failed
2026-10-06 10:25:30 ERROR Authentication failed
2026-10-06 10:26:00 ERROR Database connection failed
2026-10-06 10:31:30 ERROR Authentication failed
2026-10-06 10:32:30 ERROR Request timeout
2026-10-06 10:33:00 ERROR Database connection failed
2026-10-06 10:35:00 ERROR Database connection failed
2026-10-06 10:35:30 ERROR File not found
2026-10-06 10:39:30 ERROR File not found
2026-10-06 10:53:00 ERROR Unable to process request
2026-10-06 10:57:30 ERROR File not found
2026-10-06 11:01:00 ERROR Database connection failed
2026-10-06 11:01:30 ERROR Unable to process request
2026-10-06 11:02:30 ERROR Unable to process request
2026-10-06 11:03:30 ERROR Authentication failed
2026-10-06 11:06:00 ERROR File not found
2026-10-06 11:07:00 ERROR Authentication failed
2026-10-06 11:09:30 ERROR Unable to process request
2026-10-06 11:15:00 ERROR Unable to process request
2026-10-06 11:17:30 ERROR Unable to process request
2026-10-06 11:18:30 ERROR Database connection failed
2026-10-06 11:21:00 ERROR Database connection failed
2026-10-06 11:29:00 ERROR Database connection failed
2026-10-06 11:33:30 ERROR Authentication failed
2026-10-06 11:36:30 ERROR Database connection failed
2026-10-06 11:38:30 ERROR Database connection failed
2026-10-06 11:44:30 ERROR File not found
2026-10-06 11:45:30 ERROR Unable to process request
2026-10-06 11:50:00 ERROR Database connection failed
2026-10-06 11:50:30 ERROR Database connection failed
2026-10-06 11:57:00 ERROR Database connection failed
2026-10-06 11:58:00 ERROR File not found
2026-10-06 11:59:00 ERROR Authentication failed
2026-10-06 12:00:00 ERROR Unable to process request
2026-10-06 12:04:00 ERROR File not found
2026-10-06 12:05:00 ERROR Authentication failed
2026-10-06 12:06:30 ERROR Database connection failed
2026-10-06 12:07:00 ERROR Authentication failed
2026-10-06 12:08:00 ERROR Unable to process request
2026-10-06 12:08:30 ERROR Database connection failed
2026-10-06 12:11:30 ERROR Database connection failed
2026-10-06 12:12:00 ERROR Authentication failed
2026-10-06 12:15:30 ERROR Database connection failed
2026-10-06 12:19:00 ERROR File not found
2026-10-06 12:25:30 ERROR Unable to process request
2026-10-06 12:28:00 ERROR File not found
2026-10-06 12:33:30 ERROR Request timeout
2026-10-06 12:37:30 ERROR Request timeout
2026-10-06 12:40:30 ERROR Unable to process request
2026-10-06 12:54:00 ERROR Unable to process request
2026-10-06 12:55:00 ERROR Database connection failed
2026-10-06 12:56:00 ERROR File not found
2026-10-06 12:58:00 ERROR File not found
2026-10-06 12:58:30 ERROR File not found
2026-10-06 13:00:00 ERROR Request timeout
2026-10-06 13:01:00 ERROR Database connection failed
2026-10-06 13:02:00 ERROR Database connection failed
2026-10-06 13:02:30 ERROR File not found
2026-10-06 13:05:00 ERROR Database connection failed
2026-10-06 13:12:30 ERROR Authentication failed
2026-10-06 13:13:00 ERROR File not found
2026-10-06 13:15:00 ERROR Unable to process request
2026-10-06 13:16:00 ERROR File not found
2026-10-06 13:19:30 ERROR Unable to process request
2026-10-06 13:25:00 ERROR Unable to process request
2026-10-06 13:25:30 ERROR Unable to process request
2026-10-06 13:26:00 ERROR Authentication failed
2026-10-06 13:32:00 ERROR Database connection failed
2026-10-06 13:34:00 ERROR File not found
2026-10-06 13:35:00 ERROR File not found
2026-10-06 13:36:00 ERROR Unable to process request
2026-10-06 13:42:00 ERROR Unable to process request
2026-10-06 13:45:00 ERROR File not found
2026-10-06 13:46:00 ERROR Request timeout
2026-10-06 13:49:00 ERROR Authentication failed
2026-10-06 13:57:30 ERROR File not found
