2026-10-06 09:03:30 ERROR Authentication failed
2026-10-06 09:07:00 ERROR File not found
2026-10-06 09:08:00 ERROR Authentication failed
2026-10-06 09:12:30 ERROR Authentication failed
2026-10-06 09:15:30 ERROR Authentication failed
2026-10-06 09:16:00 ERROR Request timeout
2026-10-06 09:16:30 ERROR File not found
2026-10-06 09:18:00 ERROR Database connection failed
2026-10-06 09:19:00 ERROR Request timeout
2026-10-06 09:22:00 ERROR Database connection failed
2026-10-06 09:27:00 ERROR File not found
2026-10-06 09:28:00 ERROR File not found
2026-10-06 09:30:00 ERROR File not found
2026-10-06 09:36:30 ERROR File not found
2026-10-06 09:44:00 ERROR Unable to process request
2026-10-06 09:48:30 ERROR Unable to process request
2026-10-06 09:51:00 ERROR Unable to process request
2026-10-06 09:52:30 ERROR Database connection failed
2026-10-06 09:57:30 ERROR Request timeout
2026-10-06 10:00:00 ERROR File not found
2026-10-06 10:04:00 ERROR File not found
2026-10-06 10:06:30 ERROR Request timeout
2026-10-06 10:08:30 ERROR Database connection failed
2026-10-06 10:16:30 ERROR Authentication failed
2026-10-06 10:24:30 ERROR Unable to process request
2026-10-06 10:30:00 ERROR Database connection failed
2026-10-06 10:35:30 ERROR Unable to process request
2026-10-06 10:47:00 ERROR Request timeout
2026-10-06 10:49:30 ERROR File not found
2026-10-06 10:51:00 ERROR File not found
2026-10-06 10:51:30 ERROR Unable to process request
2026-10-06 10:56:00 ERROR Authentication failed
2026-10-06 10:57:00 ERROR File not found
2026-10-06 11:01:00 ERROR Unable to process request
2026-10-06 11:04:30 ERROR Authentication failed
2026-10-06 11:06:30 ERROR Authentication failed
2026-10-06 11:10:00 ERROR Authentication failed
2026-10-06 11:21:30 ERROR File not found
2026-10-06 11:24:00 ERROR Database connection failed
2026-10-06 11:25:30 ERROR File not found
2026-10-06 11:32:00 ERROR Database connection failed
2026-10-06 11:32:30 ERROR Unable to process request
2026-10-06 11:39:30 ERROR File not found
2026-10-06 11:42:00 ERROR Database connection failed
2026-10-06 11:46:00 ERROR File not found
2026-10-06 11:48:00 ERROR Database connection failed
2026-10-06 11:53:00 ERROR Request timeout
2026-10-06 12:02:30 ERROR Authentication failed
2026-10-06 12:03:30 ERROR Unable to process request
2026-10-06 12:04:00 ERROR Database connection failed
2026-10-06 12:05:30 ERROR Unable to process request
2026-10-06 12:09:30 ERROR File not found
2026-10-06 12:15:00 ERROR Authentication failed
2026-10-06 12:26:30 ERROR File not found
2026-10-06 12:27:00 ERROR Database connection failed
2026-10-06 12:30:30 ERROR File not found
2026-10-06 12:34:00 ERROR Database connection failed
2026-10-06 12:34:30 ERROR Unable to process request
2026-10-06 12:35:30 ERROR File not found
2026-10-06 12:36:00 ERROR Authentication failed
2026-10-06 12:37:00 ERROR Unable to process request
2026-10-06 12:38:30 ERROR Database connection failed
2026-10-06 12:49:00 ERROR Authentication failed
2026-10-06 12:52:30 ERROR File not found
2026-10-06 12:53:00 ERROR Unable to process request
2026-10-06 12:58:00 ERROR Unable to process request
2026-10-06 12:59:30 ERROR File not found
2026-10-06 13:00:30 ERROR Authentication failed
2026-10-06 13:11:30 ERROR Unable to process request
2026-10-06 13:12:00 ERROR Authentication failed
2026-10-06 13:15:00 ERROR File not found
2026-10-06 13:18:30 ERROR Authentication failed
2026-10-06 13:20:00 ERROR Authentication failed
2026-10-06 13:25:30 ERROR Unable to process request
2026-10-06 13:28:00 ERROR File not found
2026-10-06 13:28:30 ERROR Database connection failed
2026-10-06 13:29:00 ERROR Request timeout
2026-10-06 13:30:00 ERROR Unable to process request
2026-10-06 13:30:30 ERROR Authentication failed
2026-10-06 13:42:00 ERROR Request timeout
2026-10-06 13:43:00 ERROR Unable to process request
2026-10-06 13:48:30 ERROR File not found
2026-10-06 13:53:00 ERROR File not found
2026-10-06 13:54:00 ERROR Unable to process request
