2026-10-06 09:00:00 WARNING CPU usage is high
2026-10-06 09:00:30 WARNING Slow response detected
2026-10-06 09:01:00 WARNING Slow response detected
2026-10-06 09:01:30 WARNING Memory usage is high
2026-10-06 09:02:00 INFO Application health check passed
2026-10-06 09:02:30 WARNING Slow response detected
2026-10-06 09:03:00 INFO User logout successful
2026-10-06 09:03:30 ERROR Authentication failed
2026-10-06 09:04:00 WARNING CPU usage is high
2026-10-06 09:04:30 INFO Application started
2026-10-06 09:05:00 INFO Application started
2026-10-06 09:05:30 INFO Application started
2026-10-06 09:06:00 INFO User logout successful
2026-10-06 09:06:30 INFO Application health check passed
2026-10-06 09:07:00 ERROR File not found
2026-10-06 09:07:30 WARNING CPU usage is high
2026-10-06 09:08:00 ERROR Authentication failed
2026-10-06 09:08:30 INFO Application started
2026-10-06 09:09:00 INFO Request processed successfully
2026-10-06 09:09:30 INFO Application started
2026-10-06 09:10:00 WARNING CPU usage is high
2026-10-06 09:10:30 WARNING Connection pool is almost full
2026-10-06 09:11:00 INFO User logout successful
2026-10-06 09:11:30 WARNING Slow response detected
2026-10-06 09:12:00 WARNING Connection pool is almost full
2026-10-06 09:12:30 ERROR Authentication failed
2026-10-06 09:13:00 INFO User login successful
2026-10-06 09:13:30 INFO Application health check passed
2026-10-06 09:14:00 INFO Application started
2026-10-06 09:14:30 INFO User login successful
2026-10-06 09:15:00 WARNING Connection pool is almost full
2026-10-06 09:15:30 ERROR Authentication failed
2026-10-06 09:16:00 ERROR Request timeout
2026-10-06 09:16:30 ERROR File not found
2026-10-06 09:17:00 INFO User login successful
2026-10-06 09:17:30 INFO User logout successful
2026-10-06 09:18:00 ERROR Database connection failed
2026-10-06 09:18:30 WARNING Connection pool is almost full
2026-10-06 09:19:00 ERROR Request timeout
2026-10-06 09:19:30 INFO Application started
2026-10-06 09:20:00 WARNING Connection pool is almost full
2026-10-06 09:20:30 INFO Application health check passed
2026-10-06 09:21:00 WARNING Connection pool is almost full
2026-10-06 09:21:30 INFO Request processed successfully
2026-10-06 09:22:00 ERROR Database connection failed
2026-10-06 09:22:30 INFO User logout successful
2026-10-06 09:23:00 WARNING Connection pool is almost full
2026-10-06 09:23:30 INFO User logout successful
2026-10-06 09:24:00 WARNING Slow response detected
2026-10-06 09:24:30 INFO Application health check passed
2026-10-06 09:25:00 INFO Application health check passed
2026-10-06 09:25:30 INFO User logout successful
2026-10-06 09:26:00 WARNING Memory usage is high
2026-10-06 09:26:30 WARNING Connection pool is almost full
2026-10-06 09:27:00 ERROR File not found
2026-10-06 09:27:30 INFO User logout successful
2026-10-06 09:28:00 ERROR File not found
2026-10-06 09:28:30 INFO Application health check passed
2026-10-06 09:29:00 WARNING CPU usage is high
2026-10-06 09:29:30 WARNING Connection pool is almost full
2026-10-06 09:30:00 ERROR File not found
2026-10-06 09:30:30 INFO User login successful
2026-10-06 09:31:00 INFO Application health check passed
2026-10-06 09:31:30 INFO Request processed successfully
2026-10-06 09:32:00 INFO Application started
2026-10-06 09:32:30 INFO Application started
2026-10-06 09:33:00 INFO Request processed successfully
2026-10-06 09:33:30 WARNING CPU usage is high
2026-10-06 09:34:00 INFO Application started
2026-10-06 09:34:30 INFO User logout successful
2026-10-06 09:35:00 INFO Request processed successfully
2026-10-06 09:35:30 WARNING CPU usage is high
2026-10-06 09:36:00 INFO User login successful
2026-10-06 09:36:30 ERROR File not found
2026-10-06 09:37:00 INFO Application health check passed
2026-10-06 09:37:30 INFO User login successful
2026-10-06 09:38:00 INFO User login successful
2026-10-06 09:38:30 INFO User logout successful
2026-10-06 09:39:00 INFO Request processed successfully
2026-10-06 09:39:30 WARNING Connection pool is almost full
2026-10-06 09:40:00 WARNING Slow response detected
2026-10-06 09:40:30 WARNING Slow response detected
2026-10-06 09:41:00 WARNING CPU usage is high
2026-10-06 09:41:30 INFO User login successful
2026-10-06 09:42:00 INFO Application started
2026-10-06 09:42:30 WARNING Memory usage is high
2026-10-06 09:43:00 WARNING Connection pool is almost full
2026-10-06 09:43:30 WARNING Slow response detected
2026-10-06 09:44:00 ERROR Unable to process request
2026-10-06 09:44:30 WARNING Slow response detected
2026-10-06 09:45:00 WARNING Connection pool is almost full
2026-10-06 09:45:30 WARNING Connection pool is almost full
2026-10-06 09:46:00 WARNING Slow response detected
2026-10-06 09:46:30 WARNING Memory usage is high
2026-10-06 09:47:00 INFO User logout successful
2026-10-06 09:47:30 WARNING CPU usage is high
2026-10-06 09:48:00 WARNING Connection pool is almost full
2026-10-06 09:48:30 ERROR Unable to process request
2026-10-06 09:49:00 WARNING Memory usage is high
2026-10-06 09:49:30 INFO Application health check passed
2026-10-06 09:50:00 INFO User logout successful
2026-10-06 09:50:30 WARNING Connection pool is almost full
2026-10-06 09:51:00 ERROR Unable to process request
2026-10-06 09:51:30 INFO User logout successful
2026-10-06 09:52:00 INFO User login successful
2026-10-06 09:52:30 ERROR Database connection failed
2026-10-06 09:53:00 INFO Application health check passed
2026-10-06 09:53:30 INFO Application started
2026-10-06 09:54:00 INFO User login successful
2026-10-06 09:54:30 WARNING Memory usage is high
2026-10-06 09:55:00 INFO Application health check passed
2026-10-06 09:55:30 WARNING Connection pool is almost full
2026-10-06 09:56:00 WARNING CPU usage is high
2026-10-06 09:56:30 INFO User logout successful
2026-10-06 09:57:00 INFO Application started
2026-10-06 09:57:30 ERROR Request timeout
2026-10-06 09:58:00 WARNING Connection pool is almost full
2026-10-06 09:58:30 WARNING Slow response detected
2026-10-06 09:59:00 INFO Application health check passed
2026-10-06 09:59:30 INFO Request processed successfully
2026-10-06 10:00:00 ERROR File not found
2026-10-06 10:00:30 WARNING Memory usage is high
2026-10-06 10:01:00 INFO Application health check passed
2026-10-06 10:01:30 INFO User login successful
2026-10-06 10:02:00 WARNING CPU usage is high
2026-10-06 10:02:30 WARNING CPU usage is high
2026-10-06 10:03:00 INFO Application started
2026-10-06 10:03:30 WARNING Slow response detected
2026-10-06 10:04:00 ERROR File not found
2026-10-06 10:04:30 INFO Application started
2026-10-06 10:05:00 INFO User login successful
2026-10-06 10:05:30 WARNING Slow response detected
2026-10-06 10:06:00 INFO Application health check passed
2026-10-06 10:06:30 ERROR Request timeout
2026-10-06 10:07:00 WARNING CPU usage is high
2026-10-06 10:07:30 INFO User logout successful
2026-10-06 10:08:00 WARNING CPU usage is high
2026-10-06 10:08:30 ERROR Database connection failed
2026-10-06 10:09:00 WARNING Connection pool is almost full
2026-10-06 10:09:30 INFO Application health check passed
2026-10-06 10:10:00 WARNING Connection pool is almost full
2026-10-06 10:10:30 INFO Application started
2026-10-06 10:11:00 INFO Request processed successfully
2026-10-06 10:11:30 INFO Application started
2026-10-06 10:12:00 INFO User logout successful
2026-10-06 10:12:30 INFO Application started
2026-10-06 10:13:00 INFO User login successful
2026-10-06 10:13:30 WARNING Memory usage is high
2026-10-06 10:14:00 WARNING Connection pool is almost full
2026-10-06 10:14:30 INFO Application started
2026-10-06 10:15:00 WARNING Connection pool is almost full
2026-10-06 10:15:30 INFO Application started
2026-10-06 10:16:00 WARNING CPU usage is high
2026-10-06 10:16:30 ERROR Authentication failed
2026-10-06 10:17:00 WARNING Connection pool is almost full
2026-10-06 10:17:30 INFO Application started
2026-10-06 10:18:00 INFO Request processed successfully
2026-10-06 10:18:30 INFO User login successful
2026-10-06 10:19:00 WARNING CPU usage is high
2026-10-06 10:19:30 INFO Application started
2026-10-06 10:20:00 INFO Request processed successfully
2026-10-06 10:20:30 WARNING Connection pool is almost full
2026-10-06 10:21:00 INFO User logout successful
2026-10-06 10:21:30 INFO User logout successful
2026-10-06 10:22:00 INFO Application health check passed
2026-10-06 10:22:30 INFO Application started
2026-10-06 10:23:00 INFO User login successful
2026-10-06 10:23:30 INFO User login successful
2026-10-06 10:24:00 INFO User logout successful
2026-10-06 10:24:30 ERROR Unable to process request
2026-10-06 10:25:00 INFO User login successful
2026-10-06 10:25:30 INFO User logout successful
2026-10-06 10:26:00 WARNING CPU usage is high
2026-10-06 10:26:30 INFO Application health check passed
2026-10-06 10:27:00 WARNING CPU usage is high
2026-10-06 10:27:30 INFO Application started
2026-10-06 10:28:00 INFO User logout successful
2026-10-06 10:28:30 WARNING Connection pool is almost full
2026-10-06 10:29:00 WARNING CPU usage is high
2026-10-06 10:29:30 INFO User login successful
2026-10-06 10:30:00 ERROR Database connection failed
2026-10-06 10:30:30 WARNING Connection pool is almost full
2026-10-06 10:31:00 INFO User login successful
2026-10-06 10:31:30 WARNING Slow response detected
2026-10-06 10:32:00 INFO Application started
2026-10-06 10:32:30 INFO User logout successful
2026-10-06 10:33:00 INFO User logout successful
2026-10-06 10:33:30 WARNING Slow response detected
2026-10-06 10:34:00 INFO Application health check passed
2026-10-06 10:34:30 WARNING CPU usage is high
2026-10-06 10:35:00 INFO User logout successful
2026-10-06 10:35:30 ERROR Unable to process request
2026-10-06 10:36:00 WARNING Connection pool is almost full
2026-10-06 10:36:30 WARNING CPU usage is high
2026-10-06 10:37:00 INFO User login successful
2026-10-06 10:37:30 INFO Application health check passed
2026-10-06 10:38:00 INFO Request processed successfully
2026-10-06 10:38:30 INFO Application health check passed
2026-10-06 10:39:00 INFO Request processed successfully
2026-10-06 10:39:30 INFO User login successful
2026-10-06 10:40:00 INFO Application started
2026-10-06 10:40:30 INFO User logout successful
2026-10-06 10:41:00 WARNING Connection pool is almost full
2026-10-06 10:41:30 INFO User logout successful
2026-10-06 10:42:00 WARNING Connection pool is almost full
2026-10-06 10:42:30 WARNING Memory usage is high
2026-10-06 10:43:00 WARNING Memory usage is high
2026-10-06 10:43:30 INFO User logout successful
2026-10-06 10:44:00 INFO User logout successful
2026-10-06 10:44:30 INFO User logout successful
2026-10-06 10:45:00 INFO Application started
2026-10-06 10:45:30 WARNING Slow response detected
2026-10-06 10:46:00 WARNING Slow response detected
2026-10-06 10:46:30 INFO Application started
2026-10-06 10:47:00 ERROR Request timeout
2026-10-06 10:47:30 WARNING CPU usage is high
2026-10-06 10:48:00 WARNING Connection pool is almost full
2026-10-06 10:48:30 INFO Application health check passed
2026-10-06 10:49:00 WARNING Connection pool is almost full
2026-10-06 10:49:30 ERROR File not found
2026-10-06 10:50:00 WARNING Connection pool is almost full
2026-10-06 10:50:30 INFO User login successful
2026-10-06 10:51:00 ERROR File not found
2026-10-06 10:51:30 ERROR Unable to process request
2026-10-06 10:52:00 INFO Application health check passed
2026-10-06 10:52:30 WARNING Slow response detected
2026-10-06 10:53:00 WARNING Connection pool is almost full
2026-10-06 10:53:30 INFO Request processed successfully
2026-10-06 10:54:00 INFO User login successful
2026-10-06 10:54:30 WARNING CPU usage is high
2026-10-06 10:55:00 WARNING CPU usage is high
2026-10-06 10:55:30 INFO User logout successful
2026-10-06 10:56:00 ERROR Authentication failed
2026-10-06 10:56:30 INFO Application started
2026-10-06 10:57:00 ERROR File not found
2026-10-06 10:57:30 INFO Request processed successfully
2026-10-06 10:58:00 WARNING Connection pool is almost full
2026-10-06 10:58:30 INFO Application started
2026-10-06 10:59:00 WARNING CPU usage is high
2026-10-06 10:59:30 WARNING Connection pool is almost full
2026-10-06 11:00:00 INFO Application health check passed
2026-10-06 11:00:30 INFO Request processed successfully
2026-10-06 11:01:00 ERROR Unable to process request
2026-10-06 11:01:30 WARNING Memory usage is high
2026-10-06 11:02:00 WARNING Connection pool is almost full
2026-10-06 11:02:30 WARNING Slow response detected
2026-10-06 11:03:00 WARNING CPU usage is high
2026-10-06 11:03:30 WARNING Connection pool is almost full
2026-10-06 11:04:00 WARNING Slow response detected
2026-10-06 11:04:30 ERROR Authentication failed
2026-10-06 11:05:00 INFO Request processed successfully
2026-10-06 11:05:30 INFO Application health check passed
2026-10-06 11:06:00 INFO Request processed successfully
2026-10-06 11:06:30 ERROR Authentication failed
2026-10-06 11:07:00 INFO Application health check passed
2026-10-06 11:07:30 INFO User logout successful
2026-10-06 11:08:00 INFO Application health check passed
2026-10-06 11:08:30 WARNING Memory usage is high
2026-10-06 11:09:00 INFO User logout successful
2026-10-06 11:09:30 WARNING CPU usage is high
2026-10-06 11:10:00 ERROR Authentication failed
2026-10-06 11:10:30 INFO Application health check passed
2026-10-06 11:11:00 WARNING Slow response detected
2026-10-06 11:11:30 WARNING CPU usage is high
2026-10-06 11:12:00 WARNING CPU usage is high
2026-10-06 11:12:30 INFO Application health check passed
2026-10-06 11:13:00 INFO Application started
2026-10-06 11:13:30 INFO Application health check passed
2026-10-06 11:14:00 WARNING Slow response detected
2026-10-06 11:14:30 WARNING Slow response detected
2026-10-06 11:15:00 INFO Application health check passed
2026-10-06 11:15:30 INFO Request processed successfully
2026-10-06 11:16:00 WARNING Slow response detected
2026-10-06 11:16:30 WARNING Connection pool is almost full
2026-10-06 11:17:00 WARNING Connection pool is almost full
2026-10-06 11:17:30 INFO User logout successful
2026-10-06 11:18:00 INFO User login successful
2026-10-06 11:18:30 INFO Application started
2026-10-06 11:19:00 INFO Application health check passed
2026-10-06 11:19:30 INFO Request processed successfully
2026-10-06 11:20:00 INFO Application started
2026-10-06 11:20:30 INFO User logout successful
2026-10-06 11:21:00 WARNING Memory usage is high
2026-10-06 11:21:30 ERROR File not found
2026-10-06 11:22:00 WARNING CPU usage is high
2026-10-06 11:22:30 WARNING Memory usage is high
2026-10-06 11:23:00 INFO User login successful
2026-10-06 11:23:30 INFO User login successful
2026-10-06 11:24:00 ERROR Database connection failed
2026-10-06 11:24:30 WARNING Slow response detected
2026-10-06 11:25:00 WARNING Memory usage is high
2026-10-06 11:25:30 ERROR File not found
2026-10-06 11:26:00 WARNING Memory usage is high
2026-10-06 11:26:30 INFO Application health check passed
2026-10-06 11:27:00 INFO Application health check passed
2026-10-06 11:27:30 INFO User login successful
2026-10-06 11:28:00 INFO Request processed successfully
2026-10-06 11:28:30 WARNING CPU usage is high
2026-10-06 11:29:00 INFO Application started
2026-10-06 11:29:30 INFO Application health check passed
2026-10-06 11:30:00 INFO User login successful
2026-10-06 11:30:30 INFO Request processed successfully
2026-10-06 11:31:00 INFO Request processed successfully
2026-10-06 11:31:30 INFO Application health check passed
2026-10-06 11:32:00 ERROR Database connection failed
2026-10-06 11:32:30 ERROR Unable to process request
2026-10-06 11:33:00 WARNING Connection pool is almost full
2026-10-06 11:33:30 WARNING CPU usage is high
2026-10-06 11:34:00 WARNING CPU usage is high
2026-10-06 11:34:30 INFO User logout successful
2026-10-06 11:35:00 INFO User logout successful
2026-10-06 11:35:30 INFO Application health check passed
2026-10-06 11:36:00 INFO User login successful
2026-10-06 11:36:30 INFO Application health check passed
2026-10-06 11:37:00 WARNING Connection pool is almost full
2026-10-06 11:37:30 INFO Application started
2026-10-06 11:38:00 WARNING Slow response detected
2026-10-06 11:38:30 INFO Application health check passed
2026-10-06 11:39:00 WARNING Slow response detected
2026-10-06 11:39:30 ERROR File not found
2026-10-06 11:40:00 INFO Request processed successfully
2026-10-06 11:40:30 WARNING Connection pool is almost full
2026-10-06 11:41:00 WARNING Connection pool is almost full
2026-10-06 11:41:30 WARNING Memory usage is high
2026-10-06 11:42:00 ERROR Database connection failed
2026-10-06 11:42:30 INFO Application started
2026-10-06 11:43:00 INFO Application started
2026-10-06 11:43:30 INFO Application health check passed
2026-10-06 11:44:00 INFO Request processed successfully
2026-10-06 11:44:30 WARNING Memory usage is high
2026-10-06 11:45:00 INFO Application started
2026-10-06 11:45:30 INFO User logout successful
2026-10-06 11:46:00 ERROR File not found
2026-10-06 11:46:30 WARNING Connection pool is almost full
2026-10-06 11:47:00 WARNING Connection pool is almost full
2026-10-06 11:47:30 INFO Request processed successfully
2026-10-06 11:48:00 ERROR Database connection failed
2026-10-06 11:48:30 WARNING Memory usage is high
2026-10-06 11:49:00 INFO User login successful
2026-10-06 11:49:30 INFO Application health check passed
2026-10-06 11:50:00 WARNING CPU usage is high
2026-10-06 11:50:30 WARNING CPU usage is high
2026-10-06 11:51:00 INFO Request processed successfully
2026-10-06 11:51:30 WARNING Slow response detected
2026-10-06 11:52:00 INFO Application health check passed
2026-10-06 11:52:30 WARNING Connection pool is almost full
2026-10-06 11:53:00 ERROR Request timeout
2026-10-06 11:53:30 WARNING CPU usage is high
2026-10-06 11:54:00 WARNING Memory usage is high
2026-10-06 11:54:30 WARNING CPU usage is high
2026-10-06 11:55:00 WARNING Slow response detected
2026-10-06 11:55:30 INFO User login successful
2026-10-06 11:56:00 WARNING CPU usage is high
2026-10-06 11:56:30 INFO User logout successful
2026-10-06 11:57:00 INFO User logout successful
2026-10-06 11:57:30 INFO User logout successful
2026-10-06 11:58:00 INFO User login successful
2026-10-06 11:58:30 INFO User login successful
2026-10-06 11:59:00 WARNING Memory usage is high
2026-10-06 11:59:30 WARNING Slow response detected
2026-10-06 12:00:00 WARNING Memory usage is high
2026-10-06 12:00:30 WARNING Connection pool is almost full
2026-10-06 12:01:00 INFO Application health check passed
2026-10-06 12:01:30 INFO Application started
2026-10-06 12:02:00 WARNING Connection pool is almost full
2026-10-06 12:02:30 ERROR Authentication failed
2026-10-06 12:03:00 WARNING Memory usage is high
2026-10-06 12:03:30 ERROR Unable to process request
2026-10-06 12:04:00 ERROR Database connection failed
2026-10-06 12:04:30 INFO User logout successful
2026-10-06 12:05:00 WARNING Memory usage is high
2026-10-06 12:05:30 ERROR Unable to process request
2026-10-06 12:06:00 WARNING Memory usage is high
2026-10-06 12:06:30 INFO Application started
2026-10-06 12:07:00 INFO Application health check passed
2026-10-06 12:07:30 WARNING CPU usage is high
2026-10-06 12:08:00 WARNING Connection pool is almost full
2026-10-06 12:08:30 INFO User logout successful
2026-10-06 12:09:00 WARNING Memory usage is high
2026-10-06 12:09:30 ERROR File not found
2026-10-06 12:10:00 INFO Application health check passed
2026-10-06 12:10:30 WARNING Memory usage is high
2026-10-06 12:11:00 INFO Application started
2026-10-06 12:11:30 WARNING Slow response detected
2026-10-06 12:12:00 INFO User login successful
2026-10-06 12:12:30 WARNING Slow response detected
2026-10-06 12:13:00 INFO Application started
2026-10-06 12:13:30 INFO Application started
2026-10-06 12:14:00 WARNING Memory usage is high
2026-10-06 12:14:30 INFO User logout successful
2026-10-06 12:15:00 ERROR Authentication failed
2026-10-06 12:15:30 WARNING CPU usage is high
2026-10-06 12:16:00 WARNING Memory usage is high
2026-10-06 12:16:30 INFO User login successful
2026-10-06 12:17:00 INFO User login successful
2026-10-06 12:17:30 WARNING Slow response detected
2026-10-06 12:18:00 INFO Request processed successfully
2026-10-06 12:18:30 WARNING Memory usage is high
2026-10-06 12:19:00 WARNING Connection pool is almost full
2026-10-06 12:19:30 INFO Application health check passed
2026-10-06 12:20:00 WARNING Connection pool is almost full
2026-10-06 12:20:30 INFO User login successful
2026-10-06 12:21:00 WARNING Slow response detected
2026-10-06 12:21:30 INFO User login successful
2026-10-06 12:22:00 INFO User logout successful
2026-10-06 12:22:30 WARNING Connection pool is almost full
2026-10-06 12:23:00 WARNING Slow response detected
2026-10-06 12:23:30 INFO User logout successful
2026-10-06 12:24:00 WARNING Memory usage is high
2026-10-06 12:24:30 WARNING Slow response detected
2026-10-06 12:25:00 INFO User login successful
2026-10-06 12:25:30 WARNING Memory usage is high
2026-10-06 12:26:00 WARNING Slow response detected
2026-10-06 12:26:30 ERROR File not found
2026-10-06 12:27:00 ERROR Database connection failed
2026-10-06 12:27:30 INFO Application started
2026-10-06 12:28:00 WARNING Memory usage is high
2026-10-06 12:28:30 INFO Application health check passed
2026-10-06 12:29:00 WARNING Slow response detected
2026-10-06 12:29:30 INFO User logout successful
2026-10-06 12:30:00 INFO User logout successful
2026-10-06 12:30:30 ERROR File not found
2026-10-06 12:31:00 WARNING Slow response detected
2026-10-06 12:31:30 WARNING CPU usage is high
2026-10-06 12:32:00 INFO User login successful
2026-10-06 12:32:30 INFO Request processed successfully
2026-10-06 12:33:00 INFO Application started
2026-10-06 12:33:30 WARNING Slow response detected
2026-10-06 12:34:00 ERROR Database connection failed
2026-10-06 12:34:30 ERROR Unable to process request
2026-10-06 12:35:00 INFO Application started
2026-10-06 12:35:30 ERROR File not found
2026-10-06 12:36:00 ERROR Authentication failed
2026-10-06 12:36:30 WARNING Connection pool is almost full
2026-10-06 12:37:00 ERROR Unable to process request
2026-10-06 12:37:30 INFO User logout successful
2026-10-06 12:38:00 WARNING CPU usage is high
2026-10-06 12:38:30 ERROR Database connection failed
2026-10-06 12:39:00 INFO User logout successful
2026-10-06 12:39:30 INFO Request processed successfully
2026-10-06 12:40:00 WARNING Memory usage is high
2026-10-06 12:40:30 INFO Application health check passed
2026-10-06 12:41:00 INFO Request processed successfully
2026-10-06 12:41:30 INFO Request processed successfully
2026-10-06 12:42:00 WARNING Connection pool is almost full
2026-10-06 12:42:30 INFO User login successful
2026-10-06 12:43:00 INFO Request processed successfully
2026-10-06 12:43:30 INFO Application started
2026-10-06 12:44:00 INFO Application started
2026-10-06 12:44:30 INFO User logout successful
2026-10-06 12:45:00 INFO Application health check passed
2026-10-06 12:45:30 INFO Application health check passed
2026-10-06 12:46:00 INFO Application health check passed
2026-10-06 12:46:30 WARNING Slow response detected
2026-10-06 12:47:00 INFO Application started
2026-10-06 12:47:30 INFO Request processed successfully
2026-10-06 12:48:00 INFO Request processed successfully
2026-10-06 12:48:30 INFO Request processed successfully
2026-10-06 12:49:00 ERROR Authentication failed
2026-10-06 12:49:30 WARNING Memory usage is high
2026-10-06 12:50:00 INFO Request processed successfully
2026-10-06 12:50:30 INFO Request processed successfully
2026-10-06 12:51:00 INFO User logout successful
2026-10-06 12:51:30 INFO User login successful
2026-10-06 12:52:00 INFO User logout successful
2026-10-06 12:52:30 ERROR File not found
2026-10-06 12:53:00 ERROR Unable to process request
2026-10-06 12:53:30 WARNING CPU usage is high
2026-10-06 12:54:00 INFO User login successful
2026-10-06 12:54:30 WARNING Slow response detected
2026-10-06 12:55:00 WARNING CPU usage is high
2026-10-06 12:55:30 WARNING Connection pool is almost full
2026-10-06 12:56:00 WARNING Connection pool is almost full
2026-10-06 12:56:30 INFO Application started
2026-10-06 12:57:00 INFO Application health check passed
2026-10-06 12:57:30 INFO User logout successful
2026-10-06 12:58:00 ERROR Unable to process request
2026-10-06 12:58:30 INFO Application started
2026-10-06 12:59:00 WARNING CPU usage is high
2026-10-06 12:59:30 ERROR File not found
2026-10-06 13:00:00 WARNING CPU usage is high
2026-10-06 13:00:30 ERROR Authentication failed
2026-10-06 13:01:00 INFO Request processed successfully
2026-10-06 13:01:30 INFO User login successful
2026-10-06 13:02:00 WARNING Connection pool is almost full
2026-10-06 13:02:30 WARNING CPU usage is high
2026-10-06 13:03:00 INFO Request processed successfully
2026-10-06 13:03:30 WARNING Slow response detected
2026-10-06 13:04:00 INFO Application started
2026-10-06 13:04:30 INFO Application started
2026-10-06 13:05:00 WARNING CPU usage is high
2026-10-06 13:05:30 INFO Application started
2026-10-06 13:06:00 INFO Request processed successfully
2026-10-06 13:06:30 INFO Application started
2026-10-06 13:07:00 INFO Application started
2026-10-06 13:07:30 WARNING Slow response detected
2026-10-06 13:08:00 INFO User login successful
2026-10-06 13:08:30 INFO Application health check passed
2026-10-06 13:09:00 INFO User logout successful
2026-10-06 13:09:30 WARNING Slow response detected
2026-10-06 13:10:00 INFO Application health check passed
2026-10-06 13:10:30 INFO Application health check passed
2026-10-06 13:11:00 INFO User login successful
2026-10-06 13:11:30 ERROR Unable to process request
2026-10-06 13:12:00 ERROR Authentication failed
2026-10-06 13:12:30 WARNING CPU usage is high
2026-10-06 13:13:00 INFO Request processed successfully
2026-10-06 13:13:30 WARNING Memory usage is high
2026-10-06 13:14:00 INFO Application started
2026-10-06 13:14:30 WARNING Slow response detected
2026-10-06 13:15:00 ERROR File not found
2026-10-06 13:15:30 INFO Application health check passed
2026-10-06 13:16:00 INFO Application health check passed
2026-10-06 13:16:30 INFO Application started
2026-10-06 13:17:00 WARNING Slow response detected
2026-10-06 13:17:30 INFO Application health check passed
2026-10-06 13:18:00 INFO User login successful
2026-10-06 13:18:30 ERROR Authentication failed
2026-10-06 13:19:00 WARNING Slow response detected
2026-10-06 13:19:30 INFO User login successful
2026-10-06 13:20:00 ERROR Authentication failed
2026-10-06 13:20:30 INFO User logout successful
2026-10-06 13:21:00 WARNING Connection pool is almost full
2026-10-06 13:21:30 INFO User logout successful
2026-10-06 13:22:00 INFO Application health check passed
2026-10-06 13:22:30 INFO User logout successful
2026-10-06 13:23:00 INFO Application health check passed
2026-10-06 13:23:30 INFO Application health check passed
2026-10-06 13:24:00 INFO User login successful
2026-10-06 13:24:30 INFO Request processed successfully
2026-10-06 13:25:00 WARNING Slow response detected
2026-10-06 13:25:30 ERROR Unable to process request
2026-10-06 13:26:00 WARNING Connection pool is almost full
2026-10-06 13:26:30 INFO Application health check passed
2026-10-06 13:27:00 WARNING CPU usage is high
2026-10-06 13:27:30 INFO Request processed successfully
2026-10-06 13:28:00 ERROR File not found
2026-10-06 13:28:30 ERROR Database connection failed
2026-10-06 13:29:00 ERROR Request timeout
2026-10-06 13:29:30 INFO User logout successful
2026-10-06 13:30:00 ERROR Unable to process request
2026-10-06 13:30:30 ERROR Authentication failed
2026-10-06 13:31:00 INFO User logout successful
2026-10-06 13:31:30 INFO User logout successful
2026-10-06 13:32:00 WARNING Memory usage is high
2026-10-06 13:32:30 INFO Request processed successfully
2026-10-06 13:33:00 WARNING Slow response detected
2026-10-06 13:33:30 WARNING Memory usage is high
2026-10-06 13:34:00 INFO User logout successful
2026-10-06 13:34:30 WARNING Memory usage is high
2026-10-06 13:35:00 WARNING Memory usage is high
2026-10-06 13:35:30 WARNING Slow response detected
2026-10-06 13:36:00 INFO Application health check passed
2026-10-06 13:36:30 INFO User logout successful
2026-10-06 13:37:00 WARNING Slow response detected
2026-10-06 13:37:30 WARNING Memory usage is high
2026-10-06 13:38:00 INFO User logout successful
2026-10-06 13:38:30 INFO User logout successful
2026-10-06 13:39:00 WARNING Memory usage is high
2026-10-06 13:39:30 INFO Application health check passed
2026-10-06 13:40:00 WARNING Slow response detected
2026-10-06 13:40:30 INFO Application started
2026-10-06 13:41:00 WARNING Connection pool is almost full
2026-10-06 13:41:30 WARNING Memory usage is high
2026-10-06 13:42:00 ERROR Request timeout
2026-10-06 13:42:30 WARNING Slow response detected
2026-10-06 13:43:00 ERROR Unable to process request
2026-10-06 13:43:30 WARNING CPU usage is high
2026-10-06 13:44:00 WARNING Slow response detected
2026-10-06 13:44:30 INFO Application started
2026-10-06 13:45:00 WARNING Memory usage is high
2026-10-06 13:45:30 WARNING Memory usage is high
2026-10-06 13:46:00 INFO Request processed successfully
2026-10-06 13:46:30 WARNING Slow response detected
2026-10-06 13:47:00 INFO Application health check passed
2026-10-06 13:47:30 INFO Application started
2026-10-06 13:48:00 INFO Application health check passed
2026-10-06 13:48:30 ERROR File not found
2026-10-06 13:49:00 INFO Application started
2026-10-06 13:49:30 WARNING Slow response detected
2026-10-06 13:50:00 WARNING CPU usage is high
2026-10-06 13:50:30 INFO User login successful
2026-10-06 13:51:00 WARNING Memory usage is high
2026-10-06 13:51:30 WARNING Slow response detected
2026-10-06 13:52:00 WARNING Slow response detected
2026-10-06 13:52:30 WARNING CPU usage is high
2026-10-06 13:53:00 ERROR File not found
2026-10-06 13:53:30 INFO Application health check passed
2026-10-06 13:54:00 ERROR Unable to process request
2026-10-06 13:54:30 INFO User logout successful
2026-10-06 13:55:00 WARNING CPU usage is high
2026-10-06 13:55:30 WARNING Connection pool is almost full
2026-10-06 13:56:00 INFO User logout successful
2026-10-06 13:56:30 WARNING CPU usage is high
2026-10-06 13:57:00 INFO Application health check passed
2026-10-06 13:57:30 INFO Request processed successfully
2026-10-06 13:58:00 INFO Application started
2026-10-06 13:58:30 INFO Application started
2026-10-06 13:59:00 INFO Request processed successfully
2026-10-06 13:59:30 INFO Application started
